
Allocating common symbols
Common symbol       size              file

mousedata0          0x4               /tmp/ccS4lTsw.o
keyfifo             0x4               /tmp/ccPU94Qn.o
taskctl             0x4               /tmp/ccCfPaus.o
mt_timer            0x4               /tmp/ccCfPaus.o
timerctl            0x271c            /tmp/ccCfPaus.o
mousefifo           0x4               /tmp/ccS4lTsw.o
task_timer          0x4               /tmp/ccCfPaus.o
mt_tr               0x4               /tmp/cc3P3Hc6.o
keydata0            0x4               /tmp/ccPU94Qn.o

Discarded input sections

 .eh_frame      0x0000000000000000       0x34 /tmp/ccCfPaus.o
 .eh_frame      0x0000000000000000       0x7c /tmp/ccwUzglI.o
 .eh_frame      0x0000000000000000       0x78 /tmp/cclpWOpQ.o
 .eh_frame      0x0000000000000000      0x160 /tmp/ccbpP2CY.o
 .eh_frame      0x0000000000000000       0x58 /tmp/ccqvleW6.o
 .eh_frame      0x0000000000000000       0x98 /tmp/ccsUpnlf.o
 .eh_frame      0x0000000000000000       0x78 /tmp/ccPU94Qn.o
 .eh_frame      0x0000000000000000       0x78 /tmp/ccS4lTsw.o
 .eh_frame      0x0000000000000000      0x124 /tmp/ccpjPDcF.o
 .eh_frame      0x0000000000000000      0x15c /tmp/ccu3lg5N.o
 .eh_frame      0x0000000000000000       0xd8 /tmp/ccTQo44W.o
 .eh_frame      0x0000000000000000      0x1ac /tmp/cc3P3Hc6.o
 .eh_frame      0x0000000000000000       0x70 /tmp/ccPZbvqf.o
 .eh_frame      0x0000000000000000      0x140 /tmp/ccr55KMo.o
 .eh_frame      0x0000000000000000       0x78 /tmp/ccEuYify.o
 .eh_frame      0x0000000000000000       0x78 /tmp/ccoixeOH.o

Memory Configuration

Name             Origin             Length             Attributes
*default*        0x0000000000000000 0xffffffffffffffff

Linker script and memory map

LOAD /tmp/ccCfPaus.o
LOAD nasmfunc.o
LOAD /tmp/ccgmYHmA.o
LOAD /tmp/ccwUzglI.o
LOAD /tmp/cclpWOpQ.o
LOAD /tmp/ccbpP2CY.o
LOAD /tmp/ccqvleW6.o
LOAD /tmp/ccsUpnlf.o
LOAD /tmp/ccPU94Qn.o
LOAD /tmp/ccS4lTsw.o
LOAD /tmp/ccpjPDcF.o
LOAD /tmp/ccu3lg5N.o
LOAD /tmp/ccTQo44W.o
LOAD /tmp/cc3P3Hc6.o
LOAD /tmp/ccPZbvqf.o
LOAD /tmp/ccr55KMo.o
LOAD /tmp/ccEuYify.o
LOAD /tmp/ccoixeOH.o

.head           0x0000000000000000       0x24
                0x0000000000000000        0x4 LONG 0x10000
                0x0000000000000004        0x4 LONG 0x69726148
                0x0000000000000008        0x4 LONG 0x0
                0x000000000000000c        0x4 LONG 0x310000
                0x0000000000000010        0x4 LONG 0x1394 SIZEOF (.data)
                0x0000000000000014        0x4 LONG 0x4893 LOADADDR (.data)
                0x0000000000000018        0x4 LONG 0xe9000000
                0x000000000000001c        0x4 LONG 0x10 (HariMain - 0x20)
                0x0000000000000020        0x4 LONG 0x0

.text           0x0000000000000030     0x4863
 *(.text)
 .text          0x0000000000000030      0xb49 /tmp/ccCfPaus.o
                0x0000000000000030                HariMain
 *fill*         0x0000000000000b79        0x7 
 .text          0x0000000000000b80       0xf9 nasmfunc.o
                0x0000000000000b80                io_hlt
                0x0000000000000b82                io_cli
                0x0000000000000b84                io_sti
                0x0000000000000b86                io_stihlt
                0x0000000000000b89                io_in8
                0x0000000000000b94                io_in16
                0x0000000000000ba0                io_in32
                0x0000000000000ba6                io_out8
                0x0000000000000bb0                io_out16
                0x0000000000000bbb                io_out32
                0x0000000000000bc5                io_load_eflags
                0x0000000000000bc8                io_store_eflags
                0x0000000000000bcf                load_gdtr
                0x0000000000000bdf                load_idtr
                0x0000000000000bef                asm_inthandler21
                0x0000000000000c06                asm_inthandler27
                0x0000000000000c1d                asm_inthandler2c
                0x0000000000000c34                load_cr0
                0x0000000000000c38                store_cr0
                0x0000000000000c40                asm_inthandler20
                0x0000000000000c57                load_tr
                0x0000000000000c5d                farjmp
                0x0000000000000c62                asm_cons_putchar
 .text          0x0000000000000c79        0x0 /tmp/ccgmYHmA.o
 .text          0x0000000000000c79      0x1b8 /tmp/ccwUzglI.o
                0x0000000000000c79                dec2asc
                0x0000000000000d0a                hex2asc
                0x0000000000000d95                sprintf
 .text          0x0000000000000e31      0x20b /tmp/cclpWOpQ.o
                0x0000000000000e31                init_gdtidt
                0x0000000000000f86                set_segmdesc
                0x0000000000000ffd                set_gatedesc
 .text          0x000000000000103c      0x7ef /tmp/ccbpP2CY.o
                0x000000000000103c                set_palette
                0x00000000000010e8                init_palette
                0x0000000000001105                putblock8_8
                0x0000000000001171                boxfill8
                0x00000000000011c0                init_screen
                0x00000000000013db                putfont8
                0x00000000000014d3                putfont8_asc
                0x0000000000001521                init_mouse_cursor8
                0x00000000000015f1                make_window8
                0x0000000000001740                make_wtitle8
 .text          0x000000000000182b       0xf3 /tmp/ccqvleW6.o
                0x000000000000182b                init_pic
                0x0000000000001906                inthandler27
 .text          0x000000000000191e      0x178 /tmp/ccsUpnlf.o
                0x000000000000191e                fifo32_init
                0x0000000000001965                fifo32_put
                0x0000000000001a12                fifo32_get
                0x0000000000001a81                fifo32_status
 .text          0x0000000000001a96       0xa9 /tmp/ccPU94Qn.o
                0x0000000000001a96                wait_KBC_sendready
                0x0000000000001ab6                init_keyboard
                0x0000000000001af7                inthandler21
 .text          0x0000000000001b3f      0x1df /tmp/ccS4lTsw.o
                0x0000000000001b3f                enable_mouse
                0x0000000000001b8d                mouse_decode
                0x0000000000001cc7                inthandler2c
 .text          0x0000000000001d1e      0x53c /tmp/ccpjPDcF.o
                0x0000000000001d1e                memtest
                0x0000000000001dd5                memtest_sub
                0x0000000000001e66                memman_init
                0x0000000000001e93                memman_total
                0x0000000000001ecb                memman_alloc
                0x0000000000001fb2                memman_free
                0x00000000000021ff                memman_alloc_4k
                0x000000000000222b                memman_free_4k
 .text          0x000000000000225a      0xa72 /tmp/ccu3lg5N.o
                0x000000000000225a                shtctl_init
                0x000000000000233c                sheet_alloc
                0x00000000000023b2                sheet_setbuf
                0x00000000000023db                sheet_updown
                0x0000000000002759                sheet_refresh
                0x00000000000027cd                sheet_refreshsub
                0x00000000000029b4                sheet_slide
                0x0000000000002ad3                sheet_free
                0x0000000000002b00                sheet_refreshmap
 .text          0x0000000000002ccc      0x2a0 /tmp/ccTQo44W.o
                0x0000000000002ccc                init_pit
                0x0000000000002d73                timer_alloc
                0x0000000000002ddc                timer_free
                0x0000000000002dec                timer_init
                0x0000000000002e04                timer_settime
                0x0000000000002ebd                inthandler20
 .text          0x0000000000002f6c      0x788 /tmp/cc3P3Hc6.o
                0x0000000000002f6c                task_init
                0x00000000000031a3                task_alloc
                0x00000000000032ce                task_run
                0x0000000000003347                task_switch
                0x000000000000343b                task_sleep
                0x000000000000348e                mt_init
                0x00000000000034be                mt_taskswitch
                0x000000000000350d                task_now
                0x0000000000003553                task_add
                0x00000000000035b2                task_remove
                0x0000000000003683                task_switchsub
                0x00000000000036e7                task_idle
 .text          0x00000000000036f4      0x2a0 /tmp/ccPZbvqf.o
                0x00000000000036f4                putfonts8_asc_sht
                0x0000000000003794                make_textbox8
 .text          0x0000000000003994      0xb8e /tmp/ccr55KMo.o
                0x0000000000003994                console_task
                0x0000000000003d3b                cons_putchar
                0x0000000000003e40                cons_newline
                0x0000000000003f43                cons_runcmd
                0x0000000000004071                cmd_mem
                0x0000000000004134                cmd_cls
                0x00000000000041b0                cmd_ls
                0x00000000000042fd                cmd_type
                0x000000000000440d                cmd_hlt
 .text          0x0000000000004522      0x2a4 /tmp/ccEuYify.o
                0x0000000000004522                file_readfat
                0x00000000000045d2                file_loadfile
                0x0000000000004676                file_search
 .text          0x00000000000047c6       0xcd /tmp/ccoixeOH.o
                0x00000000000047c6                _strcmp
                0x000000000000480a                _strncmp
                0x000000000000486e                _strlen

.data           0x0000000000310000     0x1394 load address 0x0000000000004893
 *(.data)
 .data          0x0000000000310000      0x100 /tmp/ccCfPaus.o
 .data          0x0000000000310100     0x1000 /tmp/ccgmYHmA.o
                0x0000000000310100                hankaku
 .data          0x0000000000311100        0x0 /tmp/ccwUzglI.o
 .data          0x0000000000311100        0x0 /tmp/cclpWOpQ.o
 .data          0x0000000000311100      0x220 /tmp/ccbpP2CY.o
 .data          0x0000000000311320        0x0 /tmp/ccqvleW6.o
 .data          0x0000000000311320        0x0 /tmp/ccsUpnlf.o
 .data          0x0000000000311320        0x0 /tmp/ccPU94Qn.o
 .data          0x0000000000311320        0x0 /tmp/ccS4lTsw.o
 .data          0x0000000000311320        0x0 /tmp/ccpjPDcF.o
 .data          0x0000000000311320        0x0 /tmp/ccu3lg5N.o
 .data          0x0000000000311320        0x0 /tmp/ccTQo44W.o
 .data          0x0000000000311320        0x0 /tmp/cc3P3Hc6.o
 .data          0x0000000000311320        0x0 /tmp/ccPZbvqf.o
 .data          0x0000000000311320        0x0 /tmp/ccr55KMo.o
 .data          0x0000000000311320        0x0 /tmp/ccEuYify.o
 .data          0x0000000000311320        0x0 /tmp/ccoixeOH.o
 *(.rodata*)
 .rodata        0x0000000000311320       0x11 /tmp/ccCfPaus.o
 .rodata        0x0000000000311331       0x63 /tmp/ccr55KMo.o
 *(.bss)
 .bss           0x0000000000311394        0x0 /tmp/ccCfPaus.o
 .bss           0x0000000000311394        0x0 /tmp/ccgmYHmA.o
 .bss           0x0000000000311394        0x0 /tmp/ccwUzglI.o
 .bss           0x0000000000311394        0x0 /tmp/cclpWOpQ.o
 .bss           0x0000000000311394        0x0 /tmp/ccbpP2CY.o
 .bss           0x0000000000311394        0x0 /tmp/ccqvleW6.o
 .bss           0x0000000000311394        0x0 /tmp/ccsUpnlf.o
 .bss           0x0000000000311394        0x0 /tmp/ccPU94Qn.o
 .bss           0x0000000000311394        0x0 /tmp/ccS4lTsw.o
 .bss           0x0000000000311394        0x0 /tmp/ccpjPDcF.o
 .bss           0x0000000000311394        0x0 /tmp/ccu3lg5N.o
 .bss           0x0000000000311394        0x0 /tmp/ccTQo44W.o
 .bss           0x0000000000311394        0x0 /tmp/cc3P3Hc6.o
 .bss           0x0000000000311394        0x0 /tmp/ccPZbvqf.o
 .bss           0x0000000000311394        0x0 /tmp/ccr55KMo.o
 .bss           0x0000000000311394        0x0 /tmp/ccEuYify.o
 .bss           0x0000000000311394        0x0 /tmp/ccoixeOH.o

/DISCARD/
 *(.eh_frame)
OUTPUT(bootpack.hrb binary)

.comment        0x0000000000000000      0x2ec
 .comment       0x0000000000000000       0x2c /tmp/ccCfPaus.o
 .comment       0x000000000000002c       0x2c /tmp/ccgmYHmA.o
 .comment       0x0000000000000058       0x2c /tmp/ccwUzglI.o
 .comment       0x0000000000000084       0x2c /tmp/cclpWOpQ.o
 .comment       0x00000000000000b0       0x2c /tmp/ccbpP2CY.o
 .comment       0x00000000000000dc       0x2c /tmp/ccqvleW6.o
 .comment       0x0000000000000108       0x2c /tmp/ccsUpnlf.o
 .comment       0x0000000000000134       0x2c /tmp/ccPU94Qn.o
 .comment       0x0000000000000160       0x2c /tmp/ccS4lTsw.o
 .comment       0x000000000000018c       0x2c /tmp/ccpjPDcF.o
 .comment       0x00000000000001b8       0x2c /tmp/ccu3lg5N.o
 .comment       0x00000000000001e4       0x2c /tmp/ccTQo44W.o
 .comment       0x0000000000000210       0x2c /tmp/cc3P3Hc6.o
 .comment       0x000000000000023c       0x2c /tmp/ccPZbvqf.o
 .comment       0x0000000000000268       0x2c /tmp/ccr55KMo.o
 .comment       0x0000000000000294       0x2c /tmp/ccEuYify.o
 .comment       0x00000000000002c0       0x2c /tmp/ccoixeOH.o

.note.GNU-stack
                0x0000000000000000        0x0
 .note.GNU-stack
                0x0000000000000000        0x0 /tmp/ccCfPaus.o
 .note.GNU-stack
                0x0000000000000000        0x0 /tmp/ccgmYHmA.o
 .note.GNU-stack
                0x0000000000000000        0x0 /tmp/ccwUzglI.o
 .note.GNU-stack
                0x0000000000000000        0x0 /tmp/cclpWOpQ.o
 .note.GNU-stack
                0x0000000000000000        0x0 /tmp/ccbpP2CY.o
 .note.GNU-stack
                0x0000000000000000        0x0 /tmp/ccqvleW6.o
 .note.GNU-stack
                0x0000000000000000        0x0 /tmp/ccsUpnlf.o
 .note.GNU-stack
                0x0000000000000000        0x0 /tmp/ccPU94Qn.o
 .note.GNU-stack
                0x0000000000000000        0x0 /tmp/ccS4lTsw.o
 .note.GNU-stack
                0x0000000000000000        0x0 /tmp/ccpjPDcF.o
 .note.GNU-stack
                0x0000000000000000        0x0 /tmp/ccu3lg5N.o
 .note.GNU-stack
                0x0000000000000000        0x0 /tmp/ccTQo44W.o
 .note.GNU-stack
                0x0000000000000000        0x0 /tmp/cc3P3Hc6.o
 .note.GNU-stack
                0x0000000000000000        0x0 /tmp/ccPZbvqf.o
 .note.GNU-stack
                0x0000000000000000        0x0 /tmp/ccr55KMo.o
 .note.GNU-stack
                0x0000000000000000        0x0 /tmp/ccEuYify.o
 .note.GNU-stack
                0x0000000000000000        0x0 /tmp/ccoixeOH.o

.bss            0x00000000003113a0     0x2754 load address 0x0000000000005c40
 COMMON         0x00000000003113a0     0x2740 /tmp/ccCfPaus.o
                0x00000000003113a0                taskctl
                0x00000000003113a4                mt_timer
                0x00000000003113c0                timerctl
                0x0000000000313adc                task_timer
 COMMON         0x0000000000313ae0        0x8 /tmp/ccPU94Qn.o
                0x0000000000313ae0                keyfifo
                0x0000000000313ae4                keydata0
 COMMON         0x0000000000313ae8        0x8 /tmp/ccS4lTsw.o
                0x0000000000313ae8                mousedata0
                0x0000000000313aec                mousefifo
 COMMON         0x0000000000313af0        0x4 /tmp/cc3P3Hc6.o
                0x0000000000313af0                mt_tr

.stab           0x0000000000000000      0x5b8
 .stab          0x0000000000000000      0x5b8 nasmfunc.o

.stabstr        0x0000000000000000       0x11
 .stabstr       0x0000000000000000       0x11 nasmfunc.o
