
Allocating common symbols
Common symbol       size              file

mousedata0          0x4               /tmp/ccTvACS3.o
keyfifo             0x4               /tmp/cc8KLWQW.o
taskctl             0x4               /tmp/ccwwTDze.o
mt_timer            0x4               /tmp/ccwwTDze.o
timerctl            0x271c            /tmp/ccwwTDze.o
mousefifo           0x4               /tmp/ccTvACS3.o
task_timer          0x4               /tmp/ccwwTDze.o
mt_tr               0x4               /tmp/cc5Ekw2x.o
keydata0            0x4               /tmp/cc8KLWQW.o

Discarded input sections

 .eh_frame      0x0000000000000000       0x34 /tmp/ccwwTDze.o
 .eh_frame      0x0000000000000000       0x7c /tmp/ccbaFPfq.o
 .eh_frame      0x0000000000000000       0x78 /tmp/ccRR0nmw.o
 .eh_frame      0x0000000000000000      0x160 /tmp/ccPWSwKC.o
 .eh_frame      0x0000000000000000       0x58 /tmp/ccvVA8hJ.o
 .eh_frame      0x0000000000000000       0x98 /tmp/ccHn57YP.o
 .eh_frame      0x0000000000000000       0x78 /tmp/cc8KLWQW.o
 .eh_frame      0x0000000000000000       0x78 /tmp/ccTvACS3.o
 .eh_frame      0x0000000000000000      0x124 /tmp/ccnI7Y5a.o
 .eh_frame      0x0000000000000000      0x15c /tmp/ccF8cmxi.o
 .eh_frame      0x0000000000000000       0xd8 /tmp/ccYsfgbq.o
 .eh_frame      0x0000000000000000      0x1ac /tmp/cc5Ekw2x.o
 .eh_frame      0x0000000000000000       0x70 /tmp/ccKo9L2F.o
 .eh_frame      0x0000000000000000      0x140 /tmp/cc2z90jO.o
 .eh_frame      0x0000000000000000       0x78 /tmp/ccs1SjLW.o
 .eh_frame      0x0000000000000000       0x78 /tmp/ccbaiFk5.o

Memory Configuration

Name             Origin             Length             Attributes
*default*        0x0000000000000000 0xffffffffffffffff

Linker script and memory map

LOAD /tmp/ccwwTDze.o
LOAD nasmfunc.o
LOAD /tmp/ccuoeZjk.o
LOAD /tmp/ccbaFPfq.o
LOAD /tmp/ccRR0nmw.o
LOAD /tmp/ccPWSwKC.o
LOAD /tmp/ccvVA8hJ.o
LOAD /tmp/ccHn57YP.o
LOAD /tmp/cc8KLWQW.o
LOAD /tmp/ccTvACS3.o
LOAD /tmp/ccnI7Y5a.o
LOAD /tmp/ccF8cmxi.o
LOAD /tmp/ccYsfgbq.o
LOAD /tmp/cc5Ekw2x.o
LOAD /tmp/ccKo9L2F.o
LOAD /tmp/cc2z90jO.o
LOAD /tmp/ccs1SjLW.o
LOAD /tmp/ccbaiFk5.o

.head           0x0000000000000000       0x24
                0x0000000000000000        0x4 LONG 0x10000
                0x0000000000000004        0x4 LONG 0x69726148
                0x0000000000000008        0x4 LONG 0x0
                0x000000000000000c        0x4 LONG 0x310000
                0x0000000000000010        0x4 LONG 0x1394 SIZEOF (.data)
                0x0000000000000014        0x4 LONG 0x4898 LOADADDR (.data)
                0x0000000000000018        0x4 LONG 0xe9000000
                0x000000000000001c        0x4 LONG 0x10 (HariMain - 0x20)
                0x0000000000000020        0x4 LONG 0x0

.text           0x0000000000000030     0x4868
 *(.text)
 .text          0x0000000000000030      0xb49 /tmp/ccwwTDze.o
                0x0000000000000030                HariMain
 *fill*         0x0000000000000b79        0x7 
 .text          0x0000000000000b80       0xfe nasmfunc.o
                0x0000000000000b80                io_hlt
                0x0000000000000b82                io_cli
                0x0000000000000b84                io_sti
                0x0000000000000b86                io_stihlt
                0x0000000000000b89                io_in8
                0x0000000000000b94                io_in16
                0x0000000000000ba0                io_in32
                0x0000000000000ba6                io_out8
                0x0000000000000bb0                io_out16
                0x0000000000000bbb                io_out32
                0x0000000000000bc5                io_load_eflags
                0x0000000000000bc8                io_store_eflags
                0x0000000000000bcf                load_gdtr
                0x0000000000000bdf                load_idtr
                0x0000000000000bef                asm_inthandler21
                0x0000000000000c06                asm_inthandler27
                0x0000000000000c1d                asm_inthandler2c
                0x0000000000000c34                load_cr0
                0x0000000000000c38                store_cr0
                0x0000000000000c40                asm_inthandler20
                0x0000000000000c57                load_tr
                0x0000000000000c5d                farjmp
                0x0000000000000c62                farcall
                0x0000000000000c67                asm_cons_putchar
 .text          0x0000000000000c7e        0x0 /tmp/ccuoeZjk.o
 .text          0x0000000000000c7e      0x1b8 /tmp/ccbaFPfq.o
                0x0000000000000c7e                dec2asc
                0x0000000000000d0f                hex2asc
                0x0000000000000d9a                sprintf
 .text          0x0000000000000e36      0x20b /tmp/ccRR0nmw.o
                0x0000000000000e36                init_gdtidt
                0x0000000000000f8b                set_segmdesc
                0x0000000000001002                set_gatedesc
 .text          0x0000000000001041      0x7ef /tmp/ccPWSwKC.o
                0x0000000000001041                set_palette
                0x00000000000010ed                init_palette
                0x000000000000110a                putblock8_8
                0x0000000000001176                boxfill8
                0x00000000000011c5                init_screen
                0x00000000000013e0                putfont8
                0x00000000000014d8                putfont8_asc
                0x0000000000001526                init_mouse_cursor8
                0x00000000000015f6                make_window8
                0x0000000000001745                make_wtitle8
 .text          0x0000000000001830       0xf3 /tmp/ccvVA8hJ.o
                0x0000000000001830                init_pic
                0x000000000000190b                inthandler27
 .text          0x0000000000001923      0x178 /tmp/ccHn57YP.o
                0x0000000000001923                fifo32_init
                0x000000000000196a                fifo32_put
                0x0000000000001a17                fifo32_get
                0x0000000000001a86                fifo32_status
 .text          0x0000000000001a9b       0xa9 /tmp/cc8KLWQW.o
                0x0000000000001a9b                wait_KBC_sendready
                0x0000000000001abb                init_keyboard
                0x0000000000001afc                inthandler21
 .text          0x0000000000001b44      0x1df /tmp/ccTvACS3.o
                0x0000000000001b44                enable_mouse
                0x0000000000001b92                mouse_decode
                0x0000000000001ccc                inthandler2c
 .text          0x0000000000001d23      0x53c /tmp/ccnI7Y5a.o
                0x0000000000001d23                memtest
                0x0000000000001dda                memtest_sub
                0x0000000000001e6b                memman_init
                0x0000000000001e98                memman_total
                0x0000000000001ed0                memman_alloc
                0x0000000000001fb7                memman_free
                0x0000000000002204                memman_alloc_4k
                0x0000000000002230                memman_free_4k
 .text          0x000000000000225f      0xa72 /tmp/ccF8cmxi.o
                0x000000000000225f                shtctl_init
                0x0000000000002341                sheet_alloc
                0x00000000000023b7                sheet_setbuf
                0x00000000000023e0                sheet_updown
                0x000000000000275e                sheet_refresh
                0x00000000000027d2                sheet_refreshsub
                0x00000000000029b9                sheet_slide
                0x0000000000002ad8                sheet_free
                0x0000000000002b05                sheet_refreshmap
 .text          0x0000000000002cd1      0x2a0 /tmp/ccYsfgbq.o
                0x0000000000002cd1                init_pit
                0x0000000000002d78                timer_alloc
                0x0000000000002de1                timer_free
                0x0000000000002df1                timer_init
                0x0000000000002e09                timer_settime
                0x0000000000002ec2                inthandler20
 .text          0x0000000000002f71      0x788 /tmp/cc5Ekw2x.o
                0x0000000000002f71                task_init
                0x00000000000031a8                task_alloc
                0x00000000000032d3                task_run
                0x000000000000334c                task_switch
                0x0000000000003440                task_sleep
                0x0000000000003493                mt_init
                0x00000000000034c3                mt_taskswitch
                0x0000000000003512                task_now
                0x0000000000003558                task_add
                0x00000000000035b7                task_remove
                0x0000000000003688                task_switchsub
                0x00000000000036ec                task_idle
 .text          0x00000000000036f9      0x2a0 /tmp/ccKo9L2F.o
                0x00000000000036f9                putfonts8_asc_sht
                0x0000000000003799                make_textbox8
 .text          0x0000000000003999      0xb8e /tmp/cc2z90jO.o
                0x0000000000003999                console_task
                0x0000000000003d40                cons_putchar
                0x0000000000003e45                cons_newline
                0x0000000000003f48                cons_runcmd
                0x0000000000004076                cmd_mem
                0x0000000000004139                cmd_cls
                0x00000000000041b5                cmd_ls
                0x0000000000004302                cmd_type
                0x0000000000004412                cmd_hlt
 .text          0x0000000000004527      0x2a4 /tmp/ccs1SjLW.o
                0x0000000000004527                file_readfat
                0x00000000000045d7                file_loadfile
                0x000000000000467b                file_search
 .text          0x00000000000047cb       0xcd /tmp/ccbaiFk5.o
                0x00000000000047cb                _strcmp
                0x000000000000480f                _strncmp
                0x0000000000004873                _strlen

.data           0x0000000000310000     0x1394 load address 0x0000000000004898
 *(.data)
 .data          0x0000000000310000      0x100 /tmp/ccwwTDze.o
 .data          0x0000000000310100     0x1000 /tmp/ccuoeZjk.o
                0x0000000000310100                hankaku
 .data          0x0000000000311100        0x0 /tmp/ccbaFPfq.o
 .data          0x0000000000311100        0x0 /tmp/ccRR0nmw.o
 .data          0x0000000000311100      0x220 /tmp/ccPWSwKC.o
 .data          0x0000000000311320        0x0 /tmp/ccvVA8hJ.o
 .data          0x0000000000311320        0x0 /tmp/ccHn57YP.o
 .data          0x0000000000311320        0x0 /tmp/cc8KLWQW.o
 .data          0x0000000000311320        0x0 /tmp/ccTvACS3.o
 .data          0x0000000000311320        0x0 /tmp/ccnI7Y5a.o
 .data          0x0000000000311320        0x0 /tmp/ccF8cmxi.o
 .data          0x0000000000311320        0x0 /tmp/ccYsfgbq.o
 .data          0x0000000000311320        0x0 /tmp/cc5Ekw2x.o
 .data          0x0000000000311320        0x0 /tmp/ccKo9L2F.o
 .data          0x0000000000311320        0x0 /tmp/cc2z90jO.o
 .data          0x0000000000311320        0x0 /tmp/ccs1SjLW.o
 .data          0x0000000000311320        0x0 /tmp/ccbaiFk5.o
 *(.rodata*)
 .rodata        0x0000000000311320       0x11 /tmp/ccwwTDze.o
 .rodata        0x0000000000311331       0x63 /tmp/cc2z90jO.o
 *(.bss)
 .bss           0x0000000000311394        0x0 /tmp/ccwwTDze.o
 .bss           0x0000000000311394        0x0 /tmp/ccuoeZjk.o
 .bss           0x0000000000311394        0x0 /tmp/ccbaFPfq.o
 .bss           0x0000000000311394        0x0 /tmp/ccRR0nmw.o
 .bss           0x0000000000311394        0x0 /tmp/ccPWSwKC.o
 .bss           0x0000000000311394        0x0 /tmp/ccvVA8hJ.o
 .bss           0x0000000000311394        0x0 /tmp/ccHn57YP.o
 .bss           0x0000000000311394        0x0 /tmp/cc8KLWQW.o
 .bss           0x0000000000311394        0x0 /tmp/ccTvACS3.o
 .bss           0x0000000000311394        0x0 /tmp/ccnI7Y5a.o
 .bss           0x0000000000311394        0x0 /tmp/ccF8cmxi.o
 .bss           0x0000000000311394        0x0 /tmp/ccYsfgbq.o
 .bss           0x0000000000311394        0x0 /tmp/cc5Ekw2x.o
 .bss           0x0000000000311394        0x0 /tmp/ccKo9L2F.o
 .bss           0x0000000000311394        0x0 /tmp/cc2z90jO.o
 .bss           0x0000000000311394        0x0 /tmp/ccs1SjLW.o
 .bss           0x0000000000311394        0x0 /tmp/ccbaiFk5.o

/DISCARD/
 *(.eh_frame)
OUTPUT(bootpack.hrb binary)

.comment        0x0000000000000000      0x2ec
 .comment       0x0000000000000000       0x2c /tmp/ccwwTDze.o
 .comment       0x000000000000002c       0x2c /tmp/ccuoeZjk.o
 .comment       0x0000000000000058       0x2c /tmp/ccbaFPfq.o
 .comment       0x0000000000000084       0x2c /tmp/ccRR0nmw.o
 .comment       0x00000000000000b0       0x2c /tmp/ccPWSwKC.o
 .comment       0x00000000000000dc       0x2c /tmp/ccvVA8hJ.o
 .comment       0x0000000000000108       0x2c /tmp/ccHn57YP.o
 .comment       0x0000000000000134       0x2c /tmp/cc8KLWQW.o
 .comment       0x0000000000000160       0x2c /tmp/ccTvACS3.o
 .comment       0x000000000000018c       0x2c /tmp/ccnI7Y5a.o
 .comment       0x00000000000001b8       0x2c /tmp/ccF8cmxi.o
 .comment       0x00000000000001e4       0x2c /tmp/ccYsfgbq.o
 .comment       0x0000000000000210       0x2c /tmp/cc5Ekw2x.o
 .comment       0x000000000000023c       0x2c /tmp/ccKo9L2F.o
 .comment       0x0000000000000268       0x2c /tmp/cc2z90jO.o
 .comment       0x0000000000000294       0x2c /tmp/ccs1SjLW.o
 .comment       0x00000000000002c0       0x2c /tmp/ccbaiFk5.o

.note.GNU-stack
                0x0000000000000000        0x0
 .note.GNU-stack
                0x0000000000000000        0x0 /tmp/ccwwTDze.o
 .note.GNU-stack
                0x0000000000000000        0x0 /tmp/ccuoeZjk.o
 .note.GNU-stack
                0x0000000000000000        0x0 /tmp/ccbaFPfq.o
 .note.GNU-stack
                0x0000000000000000        0x0 /tmp/ccRR0nmw.o
 .note.GNU-stack
                0x0000000000000000        0x0 /tmp/ccPWSwKC.o
 .note.GNU-stack
                0x0000000000000000        0x0 /tmp/ccvVA8hJ.o
 .note.GNU-stack
                0x0000000000000000        0x0 /tmp/ccHn57YP.o
 .note.GNU-stack
                0x0000000000000000        0x0 /tmp/cc8KLWQW.o
 .note.GNU-stack
                0x0000000000000000        0x0 /tmp/ccTvACS3.o
 .note.GNU-stack
                0x0000000000000000        0x0 /tmp/ccnI7Y5a.o
 .note.GNU-stack
                0x0000000000000000        0x0 /tmp/ccF8cmxi.o
 .note.GNU-stack
                0x0000000000000000        0x0 /tmp/ccYsfgbq.o
 .note.GNU-stack
                0x0000000000000000        0x0 /tmp/cc5Ekw2x.o
 .note.GNU-stack
                0x0000000000000000        0x0 /tmp/ccKo9L2F.o
 .note.GNU-stack
                0x0000000000000000        0x0 /tmp/cc2z90jO.o
 .note.GNU-stack
                0x0000000000000000        0x0 /tmp/ccs1SjLW.o
 .note.GNU-stack
                0x0000000000000000        0x0 /tmp/ccbaiFk5.o

.bss            0x00000000003113a0     0x2754 load address 0x0000000000005c40
 COMMON         0x00000000003113a0     0x2740 /tmp/ccwwTDze.o
                0x00000000003113a0                taskctl
                0x00000000003113a4                mt_timer
                0x00000000003113c0                timerctl
                0x0000000000313adc                task_timer
 COMMON         0x0000000000313ae0        0x8 /tmp/cc8KLWQW.o
                0x0000000000313ae0                keyfifo
                0x0000000000313ae4                keydata0
 COMMON         0x0000000000313ae8        0x8 /tmp/ccTvACS3.o
                0x0000000000313ae8                mousedata0
                0x0000000000313aec                mousefifo
 COMMON         0x0000000000313af0        0x4 /tmp/cc5Ekw2x.o
                0x0000000000313af0                mt_tr

.stab           0x0000000000000000      0x5d0
 .stab          0x0000000000000000      0x5d0 nasmfunc.o

.stabstr        0x0000000000000000       0x11
 .stabstr       0x0000000000000000       0x11 nasmfunc.o
